\BOOKMARK [1][-]{section.1}{\376\377\141\017\211\301\116\016\133\236\145\275\166\204\133\371\136\224}{}% 1
\BOOKMARK [1][-]{section.2}{\376\377\000P\0001\377\032\146\040\134\004\166\204\116\213\122\115\122\044\133\232\377\010\126\336\136\224\141\017\211\301\000\040\0003\377\011}{}% 2
\BOOKMARK [2][-]{subsection.2.1}{\376\377\225\356\230\230\116\016\213\276\213\241}{section.2}% 3
\BOOKMARK [2][-]{subsection.2.2}{\376\377\116\016\000\040\000v\0003\000\040\166\204\116\000\201\364\140\047\377\010\147\204\136\372\145\366\145\255\212\000\377\011}{section.2}% 4
\BOOKMARK [1][-]{section.3}{\376\377\000P\0002\377\032\155\250\215\314\120\134\166\204\153\143\170\156\131\004\164\006\377\010\126\336\136\224\141\017\211\301\000\040\0004\000d\377\011}{}% 5
\BOOKMARK [2][-]{subsection.3.1}{\376\377\133\232\116\111}{section.3}% 6
\BOOKMARK [2][-]{subsection.3.2}{\376\377\126\336\137\122\225\350\116\016\176\323\147\234}{section.3}% 7
\BOOKMARK [1][-]{section.4}{\376\377\000P\0005\377\032\124\301\171\315\142\151\134\125\000\040\0005\000\040\122\060\000\040\0008\377\010\126\336\136\224\141\017\211\301\000\040\0004\000a\377\011}{}% 8
\BOOKMARK [1][-]{section.5}{\376\377\000P\0004\377\032\122\006\145\143\136\246\167\351\145\317\040\024\040\024\142\212\124\010\136\166\116\042\143\211\166\204\117\341\140\157\217\330\123\237\377\010\126\336\136\224\141\017\211\301\000\040\0001\060\001\0002\377\011}{}% 9
\BOOKMARK [2][-]{subsection.5.1}{\376\377\213\312\145\255}{section.5}% 10
\BOOKMARK [2][-]{subsection.5.2}{\376\377\133\232\116\111\377\010\126\372\133\232\000\040\0006\000\040\122\027\377\014\176\364\145\160\116\015\226\217\136\002\127\072\145\160\130\236\225\177\377\011}{section.5}% 11
\BOOKMARK [2][-]{subsection.5.3}{\376\377\176\252\137\213\116\016\176\323\147\234}{section.5}% 12
\BOOKMARK [1][-]{section.6}{\376\377\000P\0003\377\032\000t\000o\000p\000-\000b\000o\000t\000t\000o\000m\000\040\122\006\117\115\116\016\142\020\147\054\121\300\217\271\165\114\377\010\126\336\136\224\141\017\211\301\000\040\0005\060\001\0006\377\011}{}% 13
\BOOKMARK [2][-]{subsection.6.1}{\376\377\122\006\150\143\377\010\116\045\150\074\123\206\123\362\145\255\160\271\377\014\226\062\122\115\211\306\377\011}{section.6}% 14
\BOOKMARK [2][-]{subsection.6.2}{\376\377\116\011\131\127\122\044\143\156}{section.6}% 15
\BOOKMARK [2][-]{subsection.6.3}{\376\377\176\323\147\234}{section.6}% 16
\BOOKMARK [1][-]{section.7}{\376\377\000P\0006\377\032\126\340\133\120\215\050\221\317\116\003\121\163\225\350\143\247\377\010\126\336\136\224\141\017\211\301\000\040\0006\377\011}{}% 17
\BOOKMARK [1][-]{section.8}{\376\377\142\151\134\125\116\073\145\317\140\073\215\046\116\016\176\323\213\272}{}% 18
\BOOKMARK [2][-]{subsection.8.1}{\376\377\140\073\215\046}{section.8}% 19
\BOOKMARK [2][-]{subsection.8.2}{\376\377\176\323\213\272}{section.8}% 20
\BOOKMARK [1][-]{section.9}{\376\377\131\015\163\260}{}% 21
